
 Time (years):    1031622.1765914

              a        e       i      mass    Rot/day  Obl

 S2       ******** 0.88757 135.304 2.0000E+01  0.000 135.30
