
 Time (years):    1005886.3791923

              a        e       i      mass    Rot/day  Obl

 S2       ******** 0.88759 135.305 2.0000E+01  0.000 135.31
