
 Time (years):    1002053.3880903

              a        e       i      mass    Rot/day  Obl

 S2       ******** 0.88753 135.303 2.0000E+01  0.000 135.30
