
 Time (years):    1004791.2388775

              a        e       i      mass    Rot/day  Obl

 S2       ******** 0.88758 135.303 2.0000E+01  0.000 135.30
