
 Time (years):    1021218.3436003

              a        e       i      mass    Rot/day  Obl

 S2       ******** 0.88758 135.302 2.0000E+01  0.000 135.30
