
 Time (years):    1002600.9582478

              a        e       i      mass    Rot/day  Obl

 S2       ******** 0.88759 135.301 2.0000E+01  0.000 135.30
