
 Time (years):    1230390.1437372

              a        e       i      mass    Rot/day  Obl

 S2       ******** 0.88762 135.306 2.0000E+01  0.000 135.31
