
 Time (years):    1013004.7912389

              a        e       i      mass    Rot/day  Obl

 S2       ******** 0.88757 135.302 2.0000E+01  0.000 135.30
