
 Time (years):    1025051.3347023

              a        e       i      mass    Rot/day  Obl

 S2       ******** 0.88764 135.305 2.0000E+01  0.000 135.30
