
 Time (years):    1003696.0985626

              a        e       i      mass    Rot/day  Obl

 S2       ******** 0.88756 135.302 2.0000E+01  0.000 135.30
